 notifications_bindings

 Timestamp is 5d957346 (Wed Oct  2 23:04:22 2019)

 Preferred load address is 0000000180000000

 Start         Length     Name                   Class
 0001:00000000 00001a30H .text$mn                CODE
 0001:00001a30 00000020H .text$mn$00             CODE
 0001:00001a50 00000141H .text$x                 CODE
 0002:00000000 00000240H .idata$5                DATA
 0002:00000240 00000010H .00cfg                  DATA
 0002:00000250 00000008H .CRT$XCA                DATA
 0002:00000258 00000008H .CRT$XCU                DATA
 0002:00000260 00000008H .CRT$XCZ                DATA
 0002:00000268 00000008H .CRT$XIA                DATA
 0002:00000270 00000008H .CRT$XIZ                DATA
 0002:00000278 00000008H .CRT$XPA                DATA
 0002:00000280 00000008H .CRT$XPZ                DATA
 0002:00000288 00000008H .CRT$XTA                DATA
 0002:00000290 00000010H .CRT$XTZ                DATA
 0002:000002a0 00000444H .rdata                  DATA
 0002:000006e4 00000304H .rdata$zzzdbg           DATA
 0002:000009e8 00000008H .rtc$IAA                DATA
 0002:000009f0 00000008H .rtc$IZZ                DATA
 0002:000009f8 00000008H .rtc$TAA                DATA
 0002:00000a00 00000010H .rtc$TZZ                DATA
 0002:00000a10 00000440H .xdata                  DATA
 0002:00000e50 00000070H .edata                  DATA
 0002:00000ec0 00000078H .idata$2                DATA
 0002:00000f38 00000018H .idata$3                DATA
 0002:00000f50 00000240H .idata$4                DATA
 0002:00001190 00000cd4H .idata$6                DATA
 0003:00000000 00000080H .data                   DATA
 0003:00000080 00000600H .bss                    DATA
 0004:00000000 00000264H .pdata                  DATA
 0005:00000000 00000010H .gfids$y                DATA
 0006:00000000 00000060H .rsrc$01                DATA
 0006:00000060 00000180H .rsrc$02                DATA

  Address         Publics by Value              Rva+Base               Lib:Object

 0000:00000000       __guard_iat_table          0000000000000000     <absolute>
 0000:00000000       __dynamic_value_reloc_table 0000000000000000     <absolute>
 0000:00000000       __guard_iat_count          0000000000000000     <absolute>
 0000:00000000       __guard_longjmp_table      0000000000000000     <absolute>
 0000:00000000       __guard_longjmp_count      0000000000000000     <absolute>
 0000:00000000       __guard_fids_count         0000000000000000     <absolute>
 0000:00000000       ___safe_se_handler_table   0000000000000000     <absolute>
 0000:00000000       ___safe_se_handler_count   0000000000000000     <absolute>
 0000:00000000       __guard_fids_table         0000000000000000     <absolute>
 0000:00000100       __guard_flags              0000000000000100     <absolute>
 0000:00000000       __ImageBase                0000000180000000     <linker-defined>
 0001:000000d0       ?NewInstance@Nan@@YA?AV?$MaybeLocal@VObject@v8@@@v8@@V?$Local@VObjectTemplate@v8@@@3@@Z 00000001800010d0 f i notifications_bindings.obj
 0001:00000150       ?GetFunction@Nan@@YA?AV?$MaybeLocal@VFunction@v8@@@v8@@V?$Local@VFunctionTemplate@v8@@@3@@Z 0000000180001150 f i notifications_bindings.obj
 0001:000001d0       ?Set@Nan@@YA?AV?$Maybe@_N@1@V?$Local@VObject@v8@@@v8@@V?$Local@VValue@v8@@@4@1@Z 00000001800011d0 f i notifications_bindings.obj
 0001:00000280       ?convert@?$ToFactory@VString@v8@@@imp@Nan@@SA?AV?$MaybeLocal@VString@v8@@@v8@@V?$Local@VValue@v8@@@5@@Z 0000000180001280 f i notifications_bindings.obj
 0001:00000300       ?convert@?$ToFactory@VInteger@v8@@@imp@Nan@@SA?AV?$MaybeLocal@VInteger@v8@@@v8@@V?$Local@VValue@v8@@@5@@Z 0000000180001300 f i notifications_bindings.obj
 0001:00000380       ?New@?$Factory@VFunctionTemplate@v8@@@imp@Nan@@SA?AV?$Local@VFunctionTemplate@v8@@@v8@@P6AXAEBV?$FunctionCallbackInfo@VValue@v8@@@3@@ZV?$Local@VValue@v8@@@5@V?$Local@VSignature@v8@@@5@@Z 0000000180001380 f i notifications_bindings.obj
 0001:00000500       ??1HandleScope@Nan@@QEAA@XZ 0000000180001500 f i notifications_bindings.obj
 0001:00000510       ?ThrowTypeError@Nan@@YAXPEBD@Z 0000000180001510 f i notifications_bindings.obj
 0001:000005b0       ?RegisterAppForNotificationSupport@@YAXAEBV?$FunctionCallbackInfo@VValue@v8@@@Nan@@@Z 00000001800015b0 f   notifications_bindings.obj
 0001:00000820       ?RegisterComServer@@YAXAEBV?$FunctionCallbackInfo@VValue@v8@@@Nan@@@Z 0000000180001820 f   notifications_bindings.obj
 0001:00000860       ?RegisterActivator@@YAXAEBV?$FunctionCallbackInfo@VValue@v8@@@Nan@@@Z 0000000180001860 f   notifications_bindings.obj
 0001:000008a0       ?UnregisterActivator@@YAXAEBV?$FunctionCallbackInfo@VValue@v8@@@Nan@@@Z 00000001800018a0 f   notifications_bindings.obj
 0001:000008e0       ?init@@YAXV?$Local@VObject@v8@@@v8@@@Z 00000001800018e0 f   notifications_bindings.obj
 0001:00000b60       ??$SetMethodAux@V?$Local@VObject@v8@@@v8@@@imp@Nan@@YAXV?$Local@VObject@v8@@@v8@@V?$Local@VString@v8@@@3@V?$Local@VFunctionTemplate@v8@@@3@ZZ 0000000180001b60 f i notifications_bindings.obj
 0001:00000bd0       __security_check_cookie    0000000180001bd0 f   MSVCRT:_amdsecgs_.obj
 0001:00000f40       _DllMainCRTStartup         0000000180001f40 f   MSVCRT:dll_dllmain.obj
 0001:00000f80       __raise_securityfailure    0000000180001f80 f   MSVCRT:gs_report.obj
 0001:00000fb4       __report_gsfailure         0000000180001fb4 f   MSVCRT:gs_report.obj
 0001:000010fc       __scrt_acquire_startup_lock 00000001800020fc f   MSVCRT:utility.obj
 0001:00001138       __scrt_dllmain_after_initialize_c 0000000180002138 f   MSVCRT:utility.obj
 0001:0000116c       __scrt_dllmain_before_initialize_c 000000018000216c f   MSVCRT:utility.obj
 0001:00001184       __scrt_dllmain_crt_thread_attach 0000000180002184 f   MSVCRT:utility.obj
 0001:000011ac       __scrt_dllmain_crt_thread_detach 00000001800021ac f   MSVCRT:utility.obj
 0001:000011c4       __scrt_dllmain_exception_filter 00000001800021c4 f   MSVCRT:utility.obj
 0001:00001228       __scrt_dllmain_uninitialize_c 0000000180002228 f   MSVCRT:utility.obj
 0001:00001258       __scrt_dllmain_uninitialize_critical 0000000180002258 f   MSVCRT:utility.obj
 0001:0000126c       __scrt_initialize_crt      000000018000226c f   MSVCRT:utility.obj
 0001:000012b8       __scrt_initialize_onexit_tables 00000001800022b8 f   MSVCRT:utility.obj
 0001:00001384       __scrt_is_nonwritable_in_current_image 0000000180002384 f   MSVCRT:utility.obj
 0001:00001420       __scrt_release_startup_lock 0000000180002420 f   MSVCRT:utility.obj
 0001:00001444       __scrt_uninitialize_crt    0000000180002444 f   MSVCRT:utility.obj
 0001:00001470       _onexit                    0000000180002470 f   MSVCRT:utility.obj
 0001:000014c0       atexit                     00000001800024c0 f   MSVCRT:utility.obj
 0001:000014d8       __security_init_cookie     00000001800024d8 f   MSVCRT:gs_support.obj
 0001:00001584       DllMain                    0000000180002584 f   MSVCRT:dll_dllmain_stub.obj
 0001:000015a8       ?__scrt_initialize_type_info@@YAXXZ 00000001800025a8 f   MSVCRT:tncleanup.obj
 0001:000015b8       ?__scrt_uninitialize_type_info@@YAXXZ 00000001800025b8 f   MSVCRT:tncleanup.obj
 0001:000015c4       __local_stdio_printf_options 00000001800025c4 f i MSVCRT:default_local_stdio_options.obj
 0001:000015cc       __local_stdio_scanf_options 00000001800025cc f i MSVCRT:default_local_stdio_options.obj
 0001:000015d4       __scrt_initialize_default_local_stdio_options 00000001800025d4 f   MSVCRT:default_local_stdio_options.obj
 0001:000015f0       __scrt_get_dyn_tls_init_callback 00000001800025f0 f   MSVCRT:dyn_tls_init.obj
 0001:000015f8       __scrt_fastfail            00000001800025f8 f   MSVCRT:utility_desktop.obj
 0001:00001740       _RTC_Initialize            0000000180002740 f   MSVCRT:_initsect_.obj
 0001:0000178c       _RTC_Terminate             000000018000278c f   MSVCRT:_initsect_.obj
 0001:000017d8       _guard_check_icall         00000001800027d8 f i MSVCRT:checkcfg.obj
 0001:000017e0       __isa_available_init       00000001800027e0 f   MSVCRT:_cpu_disp_.obj
 0001:000019a8       _get_startup_argv_mode     00000001800029a8 f   MSVCRT:argv_mode.obj
 0001:000019b0       __scrt_is_ucrt_dll_in_use  00000001800029b0 f   MSVCRT:ucrt_detection.obj
 0001:000019bc       _guard_check_icall_nop     00000001800029bc f i MSVCRT:guard_support.obj
 0001:000019c0       __C_specific_handler       00000001800029c0 f   vcruntime:VCRUNTIME140.dll
 0001:000019c6       __std_type_info_destroy_list 00000001800029c6 f   vcruntime:VCRUNTIME140.dll
 0001:000019cc       memset                     00000001800029cc f   vcruntime:VCRUNTIME140.dll
 0001:000019d2       _initterm                  00000001800029d2 f   ucrt:api-ms-win-crt-runtime-l1-1-0.dll
 0001:000019d8       _initterm_e                00000001800029d8 f   ucrt:api-ms-win-crt-runtime-l1-1-0.dll
 0001:000019de       _seh_filter_dll            00000001800029de f   ucrt:api-ms-win-crt-runtime-l1-1-0.dll
 0001:000019e4       _configure_narrow_argv     00000001800029e4 f   ucrt:api-ms-win-crt-runtime-l1-1-0.dll
 0001:000019ea       _initialize_narrow_environment 00000001800029ea f   ucrt:api-ms-win-crt-runtime-l1-1-0.dll
 0001:000019f0       _initialize_onexit_table   00000001800029f0 f   ucrt:api-ms-win-crt-runtime-l1-1-0.dll
 0001:000019f6       _register_onexit_function  00000001800029f6 f   ucrt:api-ms-win-crt-runtime-l1-1-0.dll
 0001:000019fc       _execute_onexit_table      00000001800029fc f   ucrt:api-ms-win-crt-runtime-l1-1-0.dll
 0001:00001a02       _crt_atexit                0000000180002a02 f   ucrt:api-ms-win-crt-runtime-l1-1-0.dll
 0001:00001a08       _cexit                     0000000180002a08 f   ucrt:api-ms-win-crt-runtime-l1-1-0.dll
 0001:00001a0e       IsProcessorFeaturePresent  0000000180002a0e f   kernel32:KERNEL32.dll
 0001:00001a14       __vcrt_uninitialize_critical 0000000180002a14 f   MSVCRT:ucrt_stubs.obj
 0001:00001a14       __scrt_stub_for_acrt_uninitialize_critical 0000000180002a14 f   MSVCRT:ucrt_stubs.obj
 0001:00001a14       __vcrt_initialize          0000000180002a14 f   MSVCRT:ucrt_stubs.obj
 0001:00001a14       __acrt_uninitialize_critical 0000000180002a14 f   MSVCRT:ucrt_stubs.obj
 0001:00001a14       __scrt_stub_for_acrt_uninitialize 0000000180002a14 f   MSVCRT:ucrt_stubs.obj
 0001:00001a14       __acrt_thread_detach       0000000180002a14 f   MSVCRT:ucrt_stubs.obj
 0001:00001a14       __scrt_stub_for_acrt_thread_detach 0000000180002a14 f   MSVCRT:ucrt_stubs.obj
 0001:00001a14       __vcrt_thread_attach       0000000180002a14 f   MSVCRT:ucrt_stubs.obj
 0001:00001a14       __vcrt_uninitialize        0000000180002a14 f   MSVCRT:ucrt_stubs.obj
 0001:00001a14       __acrt_initialize          0000000180002a14 f   MSVCRT:ucrt_stubs.obj
 0001:00001a14       __scrt_stub_for_acrt_thread_attach 0000000180002a14 f   MSVCRT:ucrt_stubs.obj
 0001:00001a14       __acrt_thread_attach       0000000180002a14 f   MSVCRT:ucrt_stubs.obj
 0001:00001a14       __scrt_stub_for_acrt_initialize 0000000180002a14 f   MSVCRT:ucrt_stubs.obj
 0001:00001a14       __vcrt_thread_detach       0000000180002a14 f   MSVCRT:ucrt_stubs.obj
 0001:00001a14       __acrt_uninitialize        0000000180002a14 f   MSVCRT:ucrt_stubs.obj
 0001:00001a18       __scrt_stub_for_is_c_termination_complete 0000000180002a18 f   MSVCRT:ucrt_stubs.obj
 0001:00001a18       _is_c_termination_complete 0000000180002a18 f   MSVCRT:ucrt_stubs.obj
 0001:00001a1c       __CxxFrameHandler3         0000000180002a1c f   vcruntime:VCRUNTIME140.dll
 0001:00001a40       _guard_dispatch_icall_nop  0000000180002a40 f   MSVCRT:_guard_dispatch_.obj
 0002:00000000       __imp_?RegisterAppForNotificationSupport@InteractiveNotifications@@YAJPEB_W0@Z 0000000180003000     InteractiveNotifications:InteractiveNotifications.dll
 0002:00000008       __imp_?UnregisterActivator@InteractiveNotifications@@YAXXZ 0000000180003008     InteractiveNotifications:InteractiveNotifications.dll
 0002:00000010       __imp_?RegisterComServer@InteractiveNotifications@@YAJXZ 0000000180003010     InteractiveNotifications:InteractiveNotifications.dll
 0002:00000018       __imp_?RegisterActivator@InteractiveNotifications@@YAJXZ 0000000180003018     InteractiveNotifications:InteractiveNotifications.dll
 0002:00000020       \177InteractiveNotifications_NULL_THUNK_DATA 0000000180003020     InteractiveNotifications:InteractiveNotifications.dll
 0002:00000028       __imp_InitializeSListHead  0000000180003028     kernel32:KERNEL32.dll
 0002:00000030       __imp_DisableThreadLibraryCalls 0000000180003030     kernel32:KERNEL32.dll
 0002:00000038       __imp_GetSystemTimeAsFileTime 0000000180003038     kernel32:KERNEL32.dll
 0002:00000040       __imp_GetCurrentThreadId   0000000180003040     kernel32:KERNEL32.dll
 0002:00000048       __imp_GetCurrentProcessId  0000000180003048     kernel32:KERNEL32.dll
 0002:00000050       __imp_QueryPerformanceCounter 0000000180003050     kernel32:KERNEL32.dll
 0002:00000058       __imp_IsDebuggerPresent    0000000180003058     kernel32:KERNEL32.dll
 0002:00000060       __imp_TerminateProcess     0000000180003060     kernel32:KERNEL32.dll
 0002:00000068       __imp_GetCurrentProcess    0000000180003068     kernel32:KERNEL32.dll
 0002:00000070       __imp_SetUnhandledExceptionFilter 0000000180003070     kernel32:KERNEL32.dll
 0002:00000078       __imp_UnhandledExceptionFilter 0000000180003078     kernel32:KERNEL32.dll
 0002:00000080       __imp_RtlVirtualUnwind     0000000180003080     kernel32:KERNEL32.dll
 0002:00000088       __imp_RtlLookupFunctionEntry 0000000180003088     kernel32:KERNEL32.dll
 0002:00000090       __imp_RtlCaptureContext    0000000180003090     kernel32:KERNEL32.dll
 0002:00000098       __imp_IsProcessorFeaturePresent 0000000180003098     kernel32:KERNEL32.dll
 0002:000000a0       \177KERNEL32_NULL_THUNK_DATA 00000001800030a0     kernel32:KERNEL32.dll
 0002:000000a8       __imp___CxxFrameHandler3   00000001800030a8     vcruntime:VCRUNTIME140.dll
 0002:000000b0       __imp___C_specific_handler 00000001800030b0     vcruntime:VCRUNTIME140.dll
 0002:000000b8       __imp___std_type_info_destroy_list 00000001800030b8     vcruntime:VCRUNTIME140.dll
 0002:000000c0       __imp_memset               00000001800030c0     vcruntime:VCRUNTIME140.dll
 0002:000000c8       \177VCRUNTIME140_NULL_THUNK_DATA 00000001800030c8     vcruntime:VCRUNTIME140.dll
 0002:000000d0       __imp__execute_onexit_table 00000001800030d0     ucrt:api-ms-win-crt-runtime-l1-1-0.dll
 0002:000000d8       __imp__register_onexit_function 00000001800030d8     ucrt:api-ms-win-crt-runtime-l1-1-0.dll
 0002:000000e0       __imp__initialize_onexit_table 00000001800030e0     ucrt:api-ms-win-crt-runtime-l1-1-0.dll
 0002:000000e8       __imp__crt_atexit          00000001800030e8     ucrt:api-ms-win-crt-runtime-l1-1-0.dll
 0002:000000f0       __imp__configure_narrow_argv 00000001800030f0     ucrt:api-ms-win-crt-runtime-l1-1-0.dll
 0002:000000f8       __imp__seh_filter_dll      00000001800030f8     ucrt:api-ms-win-crt-runtime-l1-1-0.dll
 0002:00000100       __imp__initterm_e          0000000180003100     ucrt:api-ms-win-crt-runtime-l1-1-0.dll
 0002:00000108       __imp__initterm            0000000180003108     ucrt:api-ms-win-crt-runtime-l1-1-0.dll
 0002:00000110       __imp__cexit               0000000180003110     ucrt:api-ms-win-crt-runtime-l1-1-0.dll
 0002:00000118       __imp__initialize_narrow_environment 0000000180003118     ucrt:api-ms-win-crt-runtime-l1-1-0.dll
 0002:00000120       \177api-ms-win-crt-runtime-l1-1-0_NULL_THUNK_DATA 0000000180003120     ucrt:api-ms-win-crt-runtime-l1-1-0.dll
 0002:00000128       __imp_?ToString@Value@v8@@QEBA?AV?$MaybeLocal@VString@v8@@@2@V?$Local@VContext@v8@@@2@@Z 0000000180003128     iojs:node.dll
 0002:00000130       __imp_?ToInteger@Value@v8@@QEBA?AV?$MaybeLocal@VInteger@v8@@@2@V?$Local@VContext@v8@@@2@@Z 0000000180003130     iojs:node.dll
 0002:00000138       __imp_?ToLocalEmpty@V8@v8@@CAXXZ 0000000180003138     iojs:node.dll
 0002:00000140       __imp_?Escape@EscapableHandleScope@v8@@AEAAPEAPEAVObject@internal@2@PEAPEAV342@@Z 0000000180003140     iojs:node.dll
 0002:00000148       __imp_??1EscapableHandleScope@v8@@QEAA@XZ 0000000180003148     iojs:node.dll
 0002:00000150       __imp_node_module_register 0000000180003150     iojs:node.dll
 0002:00000158       __imp_?New@ObjectTemplate@v8@@SA?AV?$Local@VObjectTemplate@v8@@@2@PEAVIsolate@2@V?$Local@VFunctionTemplate@v8@@@2@@Z 0000000180003158     iojs:node.dll
 0002:00000160       __imp_?NewInstance@ObjectTemplate@v8@@QEAA?AV?$MaybeLocal@VObject@v8@@@2@V?$Local@VContext@v8@@@2@@Z 0000000180003160     iojs:node.dll
 0002:00000168       __imp_?SetInternalFieldCount@ObjectTemplate@v8@@QEAAXH@Z 0000000180003168     iojs:node.dll
 0002:00000170       __imp_?Set@Object@v8@@QEAA?AV?$Maybe@_N@2@V?$Local@VContext@v8@@@2@V?$Local@VValue@v8@@@2@1@Z 0000000180003170     iojs:node.dll
 0002:00000178       __imp_?SetInternalField@Object@v8@@QEAAXHV?$Local@VValue@v8@@@2@@Z 0000000180003178     iojs:node.dll
 0002:00000180       __imp_?SlowGetInternalField@Object@v8@@AEAA?AV?$Local@VValue@v8@@@2@H@Z 0000000180003180     iojs:node.dll
 0002:00000188       __imp_?NewFromUtf8@String@v8@@SA?AV?$MaybeLocal@VString@v8@@@2@PEAVIsolate@2@PEBDW4NewStringType@2@H@Z 0000000180003188     iojs:node.dll
 0002:00000190       __imp_?Concat@String@v8@@SA?AV?$Local@VString@v8@@@2@V32@0@Z 0000000180003190     iojs:node.dll
 0002:00000198       __imp_??0EscapableHandleScope@v8@@QEAA@PEAVIsolate@1@@Z 0000000180003198     iojs:node.dll
 0002:000001a0       __imp_??0Value@String@v8@@QEAA@V?$Local@VValue@v8@@@2@@Z 00000001800031a0     iojs:node.dll
 0002:000001a8       __imp_?New@FunctionTemplate@v8@@SA?AV?$Local@VFunctionTemplate@v8@@@2@PEAVIsolate@2@P6AXAEBV?$FunctionCallbackInfo@VValue@v8@@@2@@ZV?$Local@VValue@v8@@@2@V?$Local@VSignature@v8@@@2@HW4ConstructorBehavior@2@@Z 00000001800031a8     iojs:node.dll
 0002:000001b0       __imp_?GetFunction@FunctionTemplate@v8@@QEAA?AV?$MaybeLocal@VFunction@v8@@@2@V?$Local@VContext@v8@@@2@@Z 00000001800031b0     iojs:node.dll
 0002:000001b8       __imp_?SetClassName@FunctionTemplate@v8@@QEAAXV?$Local@VString@v8@@@2@@Z 00000001800031b8     iojs:node.dll
 0002:000001c0       __imp_?TypeError@Exception@v8@@SA?AV?$Local@VValue@v8@@@2@V?$Local@VString@v8@@@2@@Z 00000001800031c0     iojs:node.dll
 0002:000001c8       __imp_?Error@Exception@v8@@SA?AV?$Local@VValue@v8@@@2@V?$Local@VString@v8@@@2@@Z 00000001800031c8     iojs:node.dll
 0002:000001d0       __imp_??0HandleScope@v8@@QEAA@PEAVIsolate@1@@Z 00000001800031d0     iojs:node.dll
 0002:000001d8       __imp_??1HandleScope@v8@@QEAA@XZ 00000001800031d8     iojs:node.dll
 0002:000001e0       __imp_?CreateHandle@HandleScope@v8@@CAPEAPEAVObject@internal@2@PEAVHeapObject@42@PEAV342@@Z 00000001800031e0     iojs:node.dll
 0002:000001e8       __imp_?CreateHandle@HandleScope@v8@@KAPEAPEAVObject@internal@2@PEAVIsolate@42@PEAV342@@Z 00000001800031e8     iojs:node.dll
 0002:000001f0       __imp_?GetCurrent@Isolate@v8@@SAPEAV12@XZ 00000001800031f0     iojs:node.dll
 0002:000001f8       __imp_?GetCurrentContext@Isolate@v8@@QEAA?AV?$Local@VContext@v8@@@2@XZ 00000001800031f8     iojs:node.dll
 0002:00000200       __imp_?ThrowException@Isolate@v8@@QEAA?AV?$Local@VValue@v8@@@2@V32@@Z 0000000180003200     iojs:node.dll
 0002:00000208       __imp_?New@Integer@v8@@SA?AV?$Local@VInteger@v8@@@2@PEAVIsolate@2@H@Z 0000000180003208     iojs:node.dll
 0002:00000210       __imp_?New@External@v8@@SA?AV?$Local@VExternal@v8@@@2@PEAVIsolate@2@PEAX@Z 0000000180003210     iojs:node.dll
 0002:00000218       __imp_?Value@External@v8@@QEBAPEAXXZ 0000000180003218     iojs:node.dll
 0002:00000220       __imp_??1Value@String@v8@@QEAA@XZ 0000000180003220     iojs:node.dll
 0002:00000228       \177node_NULL_THUNK_DATA   0000000180003228     iojs:node.dll
 0002:00000230       __imp_CoInitializeEx       0000000180003230     ole32:ole32.dll
 0002:00000238       \177ole32_NULL_THUNK_DATA  0000000180003238     ole32:ole32.dll
 0002:00000240       __guard_check_icall_fptr   0000000180003240     MSVCRT:guard_support.obj
 0002:00000248       __guard_dispatch_icall_fptr 0000000180003248     MSVCRT:guard_support.obj
 0002:00000250       __xc_a                     0000000180003250     MSVCRT:initializers.obj
 0002:00000258       _register_notifications_bindings_ 0000000180003258     notifications_bindings.obj
 0002:00000260       __xc_z                     0000000180003260     MSVCRT:initializers.obj
 0002:00000268       __xi_a                     0000000180003268     MSVCRT:initializers.obj
 0002:00000270       __xi_z                     0000000180003270     MSVCRT:initializers.obj
 0002:00000278       __xp_a                     0000000180003278     MSVCRT:initializers.obj
 0002:00000280       __xp_z                     0000000180003280     MSVCRT:initializers.obj
 0002:00000288       __xt_a                     0000000180003288     MSVCRT:initializers.obj
 0002:00000290       __xt_z                     0000000180003290     MSVCRT:initializers.obj
 0002:000002a0       _pDefaultRawDllMain        00000001800032a0     MSVCRT:dll_dllmain.obj
 0002:000002a0       _pRawDllMain               00000001800032a0     MSVCRT:dll_dllmain.obj
 0002:000002c0       ??_C@_0FC@NFLKELJB@Invalid?5arguments?0?5expected?5argu@ 00000001800032c0     notifications_bindings.obj
 0002:00000318       ??_C@_0DL@HMJCAPDL@RegisterAppForNotificationsSuppo@ 0000000180003318     notifications_bindings.obj
 0002:00000358       ??_C@_0BC@LAPFFHAM@registerComServer?$AA@ 0000000180003358     notifications_bindings.obj
 0002:00000370       ??_C@_0CC@DEHHALMH@registerAppForNotificationSuppor@ 0000000180003370     notifications_bindings.obj
 0002:00000398       ??_C@_0BC@DIEPHEAD@registerActivator?$AA@ 0000000180003398     notifications_bindings.obj
 0002:000003b0       ??_C@_0BE@ELDICHEO@unregisterActivator?$AA@ 00000001800033b0     notifications_bindings.obj
 0002:000003c8       ??_C@_0CB@LFEKDDGM@?4?4?2lib?2notifications_bindings?4cc@ 00000001800033c8     notifications_bindings.obj
 0002:000003f0       ??_C@_0BH@NABCPIKE@notifications_bindings?$AA@ 00000001800033f0     notifications_bindings.obj
 0002:00000650       _load_config_used          0000000180003650     MSVCRT:loadcfg.obj
 0002:000009e8       __rtc_iaa                  00000001800039e8     MSVCRT:_initsect_.obj
 0002:000009f0       __rtc_izz                  00000001800039f0     MSVCRT:_initsect_.obj
 0002:000009f8       __rtc_taa                  00000001800039f8     MSVCRT:_initsect_.obj
 0002:00000a00       __rtc_tzz                  0000000180003a00     MSVCRT:_initsect_.obj
 0002:00000ec0       __IMPORT_DESCRIPTOR_KERNEL32 0000000180003ec0     kernel32:KERNEL32.dll
 0002:00000ed4       __IMPORT_DESCRIPTOR_ole32  0000000180003ed4     ole32:ole32.dll
 0002:00000ee8       __IMPORT_DESCRIPTOR_node   0000000180003ee8     iojs:node.dll
 0002:00000efc       __IMPORT_DESCRIPTOR_InteractiveNotifications 0000000180003efc     InteractiveNotifications:InteractiveNotifications.dll
 0002:00000f10       __IMPORT_DESCRIPTOR_VCRUNTIME140 0000000180003f10     vcruntime:VCRUNTIME140.dll
 0002:00000f24       __IMPORT_DESCRIPTOR_api-ms-win-crt-runtime-l1-1-0 0000000180003f24     ucrt:api-ms-win-crt-runtime-l1-1-0.dll
 0002:00000f38       __NULL_IMPORT_DESCRIPTOR   0000000180003f38     kernel32:KERNEL32.dll
 0003:00000000       __security_cookie          0000000180005000     MSVCRT:gs_cookie.obj
 0003:00000008       __security_cookie_complement 0000000180005008     MSVCRT:gs_cookie.obj
 0003:00000010       __scrt_native_dllmain_reason 0000000180005010     MSVCRT:utility.obj
 0003:00000018       __isa_available            0000000180005018     MSVCRT:_cpu_disp_.obj
 0003:0000001c       __isa_enabled              000000018000501c     MSVCRT:_cpu_disp_.obj
 0003:00000020       __memcpy_nt_iters          0000000180005020     MSVCRT:_cpu_disp_.obj
 0003:00000030       __scrt_ucrt_dll_is_in_use  0000000180005030     MSVCRT:ucrt_stubs.obj
 0003:00000600       __scrt_current_native_startup_state 0000000180005600     MSVCRT:utility.obj
 0003:00000608       __scrt_native_startup_lock 0000000180005608     MSVCRT:utility.obj
 0003:00000650       ?__type_info_root_node@@3U__type_info_node@@A 0000000180005650     MSVCRT:tncleanup.obj
 0003:00000660       ?_OptionsStorage@?1??__local_stdio_printf_options@@9@4_KA 0000000180005660     MSVCRT:default_local_stdio_options.obj
 0003:00000668       ?_OptionsStorage@?1??__local_stdio_scanf_options@@9@4_KA 0000000180005668     MSVCRT:default_local_stdio_options.obj
 0003:00000670       __scrt_debugger_hook_flag  0000000180005670     MSVCRT:utility_desktop.obj
 0003:00000674       __favor                    0000000180005674     MSVCRT:_cpu_disp_.obj
 0003:00000678       __dyn_tls_init_callback    0000000180005678     <common>

 entry point at        0001:00000f40

 Static symbols

 0000:ffff6000       .debug$S                   0000000180000000     iojs:node.dll
 0000:ffff6000       .debug$S                   0000000180000000     vcruntime:VCRUNTIME140.dll
 0000:ffff6000       .debug$S                   0000000180000000     vcruntime:VCRUNTIME140.dll
 0000:ffff6000       .debug$S                   0000000180000000     vcruntime:VCRUNTIME140.dll
 0000:ffff6000       .debug$S                   0000000180000000     vcruntime:VCRUNTIME140.dll
 0000:ffff6000       .debug$S                   0000000180000000     vcruntime:VCRUNTIME140.dll
 0000:ffff6000       .debug$S                   0000000180000000     InteractiveNotifications:InteractiveNotifications.dll
 0000:ffff6000       .debug$S                   0000000180000000     InteractiveNotifications:InteractiveNotifications.dll
 0000:ffff6000       .debug$S                   0000000180000000     InteractiveNotifications:InteractiveNotifications.dll
 0000:ffff6000       .debug$S                   0000000180000000     InteractiveNotifications:InteractiveNotifications.dll
 0000:ffff6000       .debug$S                   0000000180000000     iojs:node.dll
 0000:ffff6000       .debug$S                   0000000180000000     iojs:node.dll
 0000:ffff6000       .debug$S                   0000000180000000     iojs:node.dll
 0000:ffff6000       .debug$S                   0000000180000000     iojs:node.dll
 0000:ffff6000       .debug$S                   0000000180000000     iojs:node.dll
 0000:ffff6000       .debug$S                   0000000180000000     iojs:node.dll
 0000:ffff6000       .debug$S                   0000000180000000     iojs:node.dll
 0000:ffff6000       .debug$S                   0000000180000000     iojs:node.dll
 0000:ffff6000       .debug$S                   0000000180000000     iojs:node.dll
 0000:ffff6000       .debug$S                   0000000180000000     iojs:node.dll
 0000:ffff6000       .debug$S                   0000000180000000     iojs:node.dll
 0000:ffff6000       .debug$S                   0000000180000000     iojs:node.dll
 0000:ffff6000       .debug$S                   0000000180000000     ucrt:api-ms-win-crt-runtime-l1-1-0.dll
 0000:ffff6000       .debug$S                   0000000180000000     iojs:node.dll
 0000:ffff6000       .debug$S                   0000000180000000     ucrt:api-ms-win-crt-runtime-l1-1-0.dll
 0000:ffff6000       .debug$S                   0000000180000000     iojs:node.dll
 0000:ffff6000       .debug$S                   0000000180000000     iojs:node.dll
 0000:ffff6000       .debug$S                   0000000180000000     iojs:node.dll
 0000:ffff6000       .debug$S                   0000000180000000     iojs:node.dll
 0000:ffff6000       .debug$S                   0000000180000000     ucrt:api-ms-win-crt-runtime-l1-1-0.dll
 0000:ffff6000       .debug$S                   0000000180000000     iojs:node.dll
 0000:ffff6000       .debug$S                   0000000180000000     iojs:node.dll
 0000:ffff6000       .debug$S                   0000000180000000     iojs:node.dll
 0000:ffff6000       .debug$S                   0000000180000000     iojs:node.dll
 0000:ffff6000       .debug$S                   0000000180000000     ucrt:api-ms-win-crt-runtime-l1-1-0.dll
 0000:ffff6000       .debug$S                   0000000180000000     iojs:node.dll
 0000:ffff6000       .debug$S                   0000000180000000     iojs:node.dll
 0000:ffff6000       .debug$S                   0000000180000000     iojs:node.dll
 0000:ffff6000       .debug$S                   0000000180000000     iojs:node.dll
 0000:ffff6000       .debug$S                   0000000180000000     ucrt:api-ms-win-crt-runtime-l1-1-0.dll
 0000:ffff6000       .debug$S                   0000000180000000     iojs:node.dll
 0000:ffff6000       .debug$S                   0000000180000000     iojs:node.dll
 0000:ffff6000       .debug$S                   0000000180000000     iojs:node.dll
 0000:ffff6000       .debug$S                   0000000180000000     iojs:node.dll
 0000:ffff6000       .debug$S                   0000000180000000     ucrt:api-ms-win-crt-runtime-l1-1-0.dll
 0000:ffff6000       .debug$S                   0000000180000000     iojs:node.dll
 0000:ffff6000       .debug$S                   0000000180000000     iojs:node.dll
 0000:ffff6000       .debug$S                   0000000180000000     iojs:node.dll
 0000:ffff6000       .debug$S                   0000000180000000     iojs:node.dll
 0000:ffff6000       .debug$S                   0000000180000000     ucrt:api-ms-win-crt-runtime-l1-1-0.dll
 0000:ffff6000       .debug$S                   0000000180000000     iojs:node.dll
 0000:ffff6000       .debug$S                   0000000180000000     iojs:node.dll
 0000:ffff6000       .debug$S                   0000000180000000     iojs:node.dll
 0000:ffff6000       .debug$S                   0000000180000000     iojs:node.dll
 0000:ffff6000       .debug$S                   0000000180000000     ucrt:api-ms-win-crt-runtime-l1-1-0.dll
 0000:ffff6000       .debug$S                   0000000180000000     ole32:ole32.dll
 0000:ffff6000       .debug$S                   0000000180000000     kernel32:KERNEL32.dll
 0000:ffff6000       .debug$S                   0000000180000000     kernel32:KERNEL32.dll
 0000:ffff6000       .debug$S                   0000000180000000     kernel32:KERNEL32.dll
 0000:ffff6000       .debug$S                   0000000180000000     ucrt:api-ms-win-crt-runtime-l1-1-0.dll
 0000:ffff6000       .debug$S                   0000000180000000     kernel32:KERNEL32.dll
 0000:ffff6000       .debug$S                   0000000180000000     kernel32:KERNEL32.dll
 0000:ffff6000       .debug$S                   0000000180000000     kernel32:KERNEL32.dll
 0000:ffff6000       .debug$S                   0000000180000000     kernel32:KERNEL32.dll
 0000:ffff6000       .debug$S                   0000000180000000     ucrt:api-ms-win-crt-runtime-l1-1-0.dll
 0000:ffff6000       .debug$S                   0000000180000000     kernel32:KERNEL32.dll
 0000:ffff6000       .debug$S                   0000000180000000     kernel32:KERNEL32.dll
 0000:ffff6000       .debug$S                   0000000180000000     kernel32:KERNEL32.dll
 0000:ffff6000       .debug$S                   0000000180000000     kernel32:KERNEL32.dll
 0000:ffff6000       .debug$S                   0000000180000000     ucrt:api-ms-win-crt-runtime-l1-1-0.dll
 0000:ffff6000       .debug$S                   0000000180000000     kernel32:KERNEL32.dll
 0000:ffff6000       .debug$S                   0000000180000000     kernel32:KERNEL32.dll
 0000:ffff6000       .debug$S                   0000000180000000     kernel32:KERNEL32.dll
 0000:ffff6000       .debug$S                   0000000180000000     kernel32:KERNEL32.dll
 0000:ffff6000       .debug$S                   0000000180000000     ucrt:api-ms-win-crt-runtime-l1-1-0.dll
 0000:ffff6000       .debug$S                   0000000180000000     kernel32:KERNEL32.dll
 0000:ffff6000       .debug$S                   0000000180000000     kernel32:KERNEL32.dll
 0000:ffff6000       .debug$S                   0000000180000000     kernel32:KERNEL32.dll
 0000:ffff6000       .debug$S                   0000000180000000     notifications_bindings.exp
 0002:ffffd000       .idata$6                   0000000180000000     ucrt:api-ms-win-crt-string-l1-1-0.dll
 0000:ffff6000       .debug$S                   0000000180000000     ucrt:api-ms-win-crt-string-l1-1-0.dll
 0001:00000000       ?FunctionCallbackWrapper@imp@Nan@@YAXAEBV?$FunctionCallbackInfo@VValue@v8@@@v8@@@Z 0000000180001000 f   notifications_bindings.obj
 0001:00000b50       _register_notifications_bindings 0000000180001b50 f   notifications_bindings.obj
 0001:00000bc0       $$000000                   0000000180001bc0     MSVCRT:_amdsecgs_.obj
 0001:00000bf4       ?dllmain_crt_dispatch@@YAHQEAUHINSTANCE__@@KQEAX@Z 0000000180001bf4 f   MSVCRT:dll_dllmain.obj
 0001:00000c44       ?dllmain_crt_process_attach@@YAHQEAUHINSTANCE__@@QEAX@Z 0000000180001c44 f   MSVCRT:dll_dllmain.obj
 0001:00000d70       ?dllmain_crt_process_detach@@YAH_N@Z 0000000180001d70 f   MSVCRT:dll_dllmain.obj
 0001:00000df4       ?dllmain_dispatch@@YAHQEAUHINSTANCE__@@KQEAX@Z 0000000180001df4 f   MSVCRT:dll_dllmain.obj
 0001:00000eec       ?dllmain_raw@@YAHQEAUHINSTANCE__@@KQEAX@Z 0000000180001eec f   MSVCRT:dll_dllmain.obj
 0001:00001088       capture_previous_context   0000000180002088 f   MSVCRT:gs_report.obj
 0001:00001a30       $$000000                   0000000180002a30     MSVCRT:_guard_dispatch_.obj
 0001:00001a50       ?dtor$0@?0??convert@?$ToFactory@VString@v8@@@imp@Nan@@SA?AV?$MaybeLocal@VString@v8@@@v8@@V?$Local@VValue@v8@@@5@@Z@4HA 0000000180002a50 f   notifications_bindings.obj
 0001:00001a50       ?dtor$0@?0??NewInstance@Nan@@YA?AV?$MaybeLocal@VObject@v8@@@v8@@V?$Local@VObjectTemplate@v8@@@3@@Z@4HA 0000000180002a50 f   notifications_bindings.obj
 0001:00001a50       ?dtor$0@?0??convert@?$ToFactory@VInteger@v8@@@imp@Nan@@SA?AV?$MaybeLocal@VInteger@v8@@@v8@@V?$Local@VValue@v8@@@5@@Z@4HA 0000000180002a50 f   notifications_bindings.obj
 0001:00001a50       ?dtor$0@?0??GetFunction@Nan@@YA?AV?$MaybeLocal@VFunction@v8@@@v8@@V?$Local@VFunctionTemplate@v8@@@3@@Z@4HA 0000000180002a50 f   notifications_bindings.obj
 0001:00001a60       ?dtor$0@?0??Set@Nan@@YA?AV?$Maybe@_N@1@V?$Local@VObject@v8@@@v8@@V?$Local@VValue@v8@@@4@1@Z@4HA 0000000180002a60 f   notifications_bindings.obj
 0001:00001a70       ?dtor$0@?0??New@?$Factory@VFunctionTemplate@v8@@@imp@Nan@@SA?AV?$Local@VFunctionTemplate@v8@@@v8@@P6AXAEBV?$FunctionCallbackInfo@VValue@v8@@@3@@ZV?$Local@VValue@v8@@@5@V?$Local@VSignature@v8@@@5@@Z@4HA 0000000180002a70 f   notifications_bindings.obj
 0001:00001a80       ?dtor$0@?0??ThrowTypeError@Nan@@YAXPEBD@Z@4HA 0000000180002a80 f   notifications_bindings.obj
 0001:00001a90       ?dtor$0@?0??RegisterAppForNotificationSupport@@YAXAEBV?$FunctionCallbackInfo@VValue@v8@@@Nan@@@Z@4HA 0000000180002a90 f   notifications_bindings.obj
 0001:00001a9c       ?dtor$1@?0??RegisterAppForNotificationSupport@@YAXAEBV?$FunctionCallbackInfo@VValue@v8@@@Nan@@@Z@4HA 0000000180002a9c f   notifications_bindings.obj
 0001:00001aaa       ?dtor$2@?0??RegisterAppForNotificationSupport@@YAXAEBV?$FunctionCallbackInfo@VValue@v8@@@Nan@@@Z@4HA 0000000180002aaa f   notifications_bindings.obj
 0001:00001ab8       ?dtor$9@?0??RegisterAppForNotificationSupport@@YAXAEBV?$FunctionCallbackInfo@VValue@v8@@@Nan@@@Z@4HA 0000000180002ab8 f   notifications_bindings.obj
 0001:00001ad0       ?dtor$0@?0??UnregisterActivator@@YAXAEBV?$FunctionCallbackInfo@VValue@v8@@@Nan@@@Z@4HA 0000000180002ad0 f   notifications_bindings.obj
 0001:00001ad0       ?dtor$0@?0??RegisterComServer@@YAXAEBV?$FunctionCallbackInfo@VValue@v8@@@Nan@@@Z@4HA 0000000180002ad0 f   notifications_bindings.obj
 0001:00001ad0       ?dtor$0@?0??RegisterActivator@@YAXAEBV?$FunctionCallbackInfo@VValue@v8@@@Nan@@@Z@4HA 0000000180002ad0 f   notifications_bindings.obj
 0001:00001ae0       ?dtor$0@?0??init@@YAXV?$Local@VObject@v8@@@v8@@@Z@4HA 0000000180002ae0 f   notifications_bindings.obj
 0001:00001aec       ?dtor$3@?0??init@@YAXV?$Local@VObject@v8@@@v8@@@Z@4HA 0000000180002aec f   notifications_bindings.obj
 0001:00001af8       ?dtor$6@?0??init@@YAXV?$Local@VObject@v8@@@v8@@@Z@4HA 0000000180002af8 f   notifications_bindings.obj
 0001:00001b04       ?dtor$9@?0??init@@YAXV?$Local@VObject@v8@@@v8@@@Z@4HA 0000000180002b04 f   notifications_bindings.obj
 0001:00001b10       ?fin$0@?0??dllmain_crt_process_attach@@YAHQEAUHINSTANCE__@@QEAX@Z@4HA 0000000180002b10 f   MSVCRT:dll_dllmain.obj
 0001:00001b27       ?fin$0@?0??dllmain_crt_process_detach@@YAH_N@Z@4HA 0000000180002b27 f   MSVCRT:dll_dllmain.obj
 0001:00001b43       ?filt$0@?0??dllmain_dispatch@@YAHQEAUHINSTANCE__@@KQEAX@Z@4HA 0000000180002b43 f   MSVCRT:dll_dllmain.obj
 0001:00001b79       __scrt_is_nonwritable_in_current_image$filt$0 0000000180002b79 f   MSVCRT:utility.obj
 0002:000002a8       GS_ExceptionPointers       00000001800032a8     MSVCRT:gs_report.obj
 0002:00000408       $cppxdata$?init@@YAXV?$Local@VObject@v8@@@v8@@@Z 0000000180003408     notifications_bindings.obj
 0002:00000430       $cppxdata$?UnregisterActivator@@YAXAEBV?$FunctionCallbackInfo@VValue@v8@@@Nan@@@Z 0000000180003430     notifications_bindings.obj
 0002:00000458       $cppxdata$?RegisterActivator@@YAXAEBV?$FunctionCallbackInfo@VValue@v8@@@Nan@@@Z 0000000180003458     notifications_bindings.obj
 0002:00000480       $cppxdata$?RegisterComServer@@YAXAEBV?$FunctionCallbackInfo@VValue@v8@@@Nan@@@Z 0000000180003480     notifications_bindings.obj
 0002:000004a8       $cppxdata$?RegisterAppForNotificationSupport@@YAXAEBV?$FunctionCallbackInfo@VValue@v8@@@Nan@@@Z 00000001800034a8     notifications_bindings.obj
 0002:000004d0       $cppxdata$?ThrowTypeError@Nan@@YAXPEBD@Z 00000001800034d0     notifications_bindings.obj
 0002:000004f8       $cppxdata$?New@?$Factory@VFunctionTemplate@v8@@@imp@Nan@@SA?AV?$Local@VFunctionTemplate@v8@@@v8@@P6AXAEBV?$FunctionCallbackInfo@VValue@v8@@@3@@ZV?$Local@VValue@v8@@@5@V?$Local@VSignature@v8@@@5@@Z 00000001800034f8     notifications_bindings.obj
 0002:00000520       $cppxdata$?convert@?$ToFactory@VInteger@v8@@@imp@Nan@@SA?AV?$MaybeLocal@VInteger@v8@@@v8@@V?$Local@VValue@v8@@@5@@Z 0000000180003520     notifications_bindings.obj
 0002:00000548       $cppxdata$?convert@?$ToFactory@VString@v8@@@imp@Nan@@SA?AV?$MaybeLocal@VString@v8@@@v8@@V?$Local@VValue@v8@@@5@@Z 0000000180003548     notifications_bindings.obj
 0002:00000570       $cppxdata$?Set@Nan@@YA?AV?$Maybe@_N@1@V?$Local@VObject@v8@@@v8@@V?$Local@VValue@v8@@@4@1@Z 0000000180003570     notifications_bindings.obj
 0002:00000598       $cppxdata$?GetFunction@Nan@@YA?AV?$MaybeLocal@VFunction@v8@@@v8@@V?$Local@VFunctionTemplate@v8@@@3@@Z 0000000180003598     notifications_bindings.obj
 0002:000005c0       $cppxdata$?NewInstance@Nan@@YA?AV?$MaybeLocal@VObject@v8@@@v8@@V?$Local@VObjectTemplate@v8@@@3@@Z 00000001800035c0     notifications_bindings.obj
 0002:00000a10       $unwind$?FunctionCallbackWrapper@imp@Nan@@YAXAEBV?$FunctionCallbackInfo@VValue@v8@@@v8@@@Z 0000000180003a10     notifications_bindings.obj
 0002:00000a20       $unwind$?NewInstance@Nan@@YA?AV?$MaybeLocal@VObject@v8@@@v8@@V?$Local@VObjectTemplate@v8@@@3@@Z 0000000180003a20     notifications_bindings.obj
 0002:00000a34       $stateUnwindMap$?NewInstance@Nan@@YA?AV?$MaybeLocal@VObject@v8@@@v8@@V?$Local@VObjectTemplate@v8@@@3@@Z 0000000180003a34     notifications_bindings.obj
 0002:00000a34       $stateUnwindMap$?GetFunction@Nan@@YA?AV?$MaybeLocal@VFunction@v8@@@v8@@V?$Local@VFunctionTemplate@v8@@@3@@Z 0000000180003a34     notifications_bindings.obj
 0002:00000a34       $stateUnwindMap$?convert@?$ToFactory@VInteger@v8@@@imp@Nan@@SA?AV?$MaybeLocal@VInteger@v8@@@v8@@V?$Local@VValue@v8@@@5@@Z 0000000180003a34     notifications_bindings.obj
 0002:00000a34       $stateUnwindMap$?convert@?$ToFactory@VString@v8@@@imp@Nan@@SA?AV?$MaybeLocal@VString@v8@@@v8@@V?$Local@VValue@v8@@@5@@Z 0000000180003a34     notifications_bindings.obj
 0002:00000a40       $ip2state$?NewInstance@Nan@@YA?AV?$MaybeLocal@VObject@v8@@@v8@@V?$Local@VObjectTemplate@v8@@@3@@Z 0000000180003a40     notifications_bindings.obj
 0002:00000a58       $unwind$?GetFunction@Nan@@YA?AV?$MaybeLocal@VFunction@v8@@@v8@@V?$Local@VFunctionTemplate@v8@@@3@@Z 0000000180003a58     notifications_bindings.obj
 0002:00000a70       $ip2state$?GetFunction@Nan@@YA?AV?$MaybeLocal@VFunction@v8@@@v8@@V?$Local@VFunctionTemplate@v8@@@3@@Z 0000000180003a70     notifications_bindings.obj
 0002:00000a88       $unwind$?Set@Nan@@YA?AV?$Maybe@_N@1@V?$Local@VObject@v8@@@v8@@V?$Local@VValue@v8@@@4@1@Z 0000000180003a88     notifications_bindings.obj
 0002:00000a9c       $stateUnwindMap$?Set@Nan@@YA?AV?$Maybe@_N@1@V?$Local@VObject@v8@@@v8@@V?$Local@VValue@v8@@@4@1@Z 0000000180003a9c     notifications_bindings.obj
 0002:00000aa8       $ip2state$?Set@Nan@@YA?AV?$Maybe@_N@1@V?$Local@VObject@v8@@@v8@@V?$Local@VValue@v8@@@4@1@Z 0000000180003aa8     notifications_bindings.obj
 0002:00000ac0       $unwind$?convert@?$ToFactory@VString@v8@@@imp@Nan@@SA?AV?$MaybeLocal@VString@v8@@@v8@@V?$Local@VValue@v8@@@5@@Z 0000000180003ac0     notifications_bindings.obj
 0002:00000ad8       $ip2state$?convert@?$ToFactory@VString@v8@@@imp@Nan@@SA?AV?$MaybeLocal@VString@v8@@@v8@@V?$Local@VValue@v8@@@5@@Z 0000000180003ad8     notifications_bindings.obj
 0002:00000af0       $unwind$?convert@?$ToFactory@VInteger@v8@@@imp@Nan@@SA?AV?$MaybeLocal@VInteger@v8@@@v8@@V?$Local@VValue@v8@@@5@@Z 0000000180003af0     notifications_bindings.obj
 0002:00000b08       $ip2state$?convert@?$ToFactory@VInteger@v8@@@imp@Nan@@SA?AV?$MaybeLocal@VInteger@v8@@@v8@@V?$Local@VValue@v8@@@5@@Z 0000000180003b08     notifications_bindings.obj
 0002:00000b20       $unwind$?New@?$Factory@VFunctionTemplate@v8@@@imp@Nan@@SA?AV?$Local@VFunctionTemplate@v8@@@v8@@P6AXAEBV?$FunctionCallbackInfo@VValue@v8@@@3@@ZV?$Local@VValue@v8@@@5@V?$Local@VSignature@v8@@@5@@Z 0000000180003b20     notifications_bindings.obj
 0002:00000b38       $stateUnwindMap$?New@?$Factory@VFunctionTemplate@v8@@@imp@Nan@@SA?AV?$Local@VFunctionTemplate@v8@@@v8@@P6AXAEBV?$FunctionCallbackInfo@VValue@v8@@@3@@ZV?$Local@VValue@v8@@@5@V?$Local@VSignature@v8@@@5@@Z 0000000180003b38     notifications_bindings.obj
 0002:00000b40       $ip2state$?New@?$Factory@VFunctionTemplate@v8@@@imp@Nan@@SA?AV?$Local@VFunctionTemplate@v8@@@v8@@P6AXAEBV?$FunctionCallbackInfo@VValue@v8@@@3@@ZV?$Local@VValue@v8@@@5@V?$Local@VSignature@v8@@@5@@Z 0000000180003b40     notifications_bindings.obj
 0002:00000b58       $unwind$?ThrowTypeError@Nan@@YAXPEBD@Z 0000000180003b58     notifications_bindings.obj
 0002:00000b68       $stateUnwindMap$?ThrowTypeError@Nan@@YAXPEBD@Z 0000000180003b68     notifications_bindings.obj
 0002:00000b70       $ip2state$?ThrowTypeError@Nan@@YAXPEBD@Z 0000000180003b70     notifications_bindings.obj
 0002:00000b88       $unwind$?RegisterAppForNotificationSupport@@YAXAEBV?$FunctionCallbackInfo@VValue@v8@@@Nan@@@Z 0000000180003b88     notifications_bindings.obj
 0002:00000b9c       $stateUnwindMap$?RegisterAppForNotificationSupport@@YAXAEBV?$FunctionCallbackInfo@VValue@v8@@@Nan@@@Z 0000000180003b9c     notifications_bindings.obj
 0002:00000bc0       $ip2state$?RegisterAppForNotificationSupport@@YAXAEBV?$FunctionCallbackInfo@VValue@v8@@@Nan@@@Z 0000000180003bc0     notifications_bindings.obj
 0002:00000c08       $unwind$?RegisterComServer@@YAXAEBV?$FunctionCallbackInfo@VValue@v8@@@Nan@@@Z 0000000180003c08     notifications_bindings.obj
 0002:00000c18       $stateUnwindMap$?RegisterActivator@@YAXAEBV?$FunctionCallbackInfo@VValue@v8@@@Nan@@@Z 0000000180003c18     notifications_bindings.obj
 0002:00000c18       $stateUnwindMap$?RegisterComServer@@YAXAEBV?$FunctionCallbackInfo@VValue@v8@@@Nan@@@Z 0000000180003c18     notifications_bindings.obj
 0002:00000c18       $stateUnwindMap$?UnregisterActivator@@YAXAEBV?$FunctionCallbackInfo@VValue@v8@@@Nan@@@Z 0000000180003c18     notifications_bindings.obj
 0002:00000c20       $ip2state$?RegisterComServer@@YAXAEBV?$FunctionCallbackInfo@VValue@v8@@@Nan@@@Z 0000000180003c20     notifications_bindings.obj
 0002:00000c38       $unwind$?RegisterActivator@@YAXAEBV?$FunctionCallbackInfo@VValue@v8@@@Nan@@@Z 0000000180003c38     notifications_bindings.obj
 0002:00000c48       $ip2state$?RegisterActivator@@YAXAEBV?$FunctionCallbackInfo@VValue@v8@@@Nan@@@Z 0000000180003c48     notifications_bindings.obj
 0002:00000c60       $unwind$?UnregisterActivator@@YAXAEBV?$FunctionCallbackInfo@VValue@v8@@@Nan@@@Z 0000000180003c60     notifications_bindings.obj
 0002:00000c70       $ip2state$?UnregisterActivator@@YAXAEBV?$FunctionCallbackInfo@VValue@v8@@@Nan@@@Z 0000000180003c70     notifications_bindings.obj
 0002:00000c88       $unwind$?init@@YAXV?$Local@VObject@v8@@@v8@@@Z 0000000180003c88     notifications_bindings.obj
 0002:00000c9c       $stateUnwindMap$?init@@YAXV?$Local@VObject@v8@@@v8@@@Z 0000000180003c9c     notifications_bindings.obj
 0002:00000cc0       $ip2state$?init@@YAXV?$Local@VObject@v8@@@v8@@@Z 0000000180003cc0     notifications_bindings.obj
 0002:00000d08       $unwind$??$SetMethodAux@V?$Local@VObject@v8@@@v8@@@imp@Nan@@YAXV?$Local@VObject@v8@@@v8@@V?$Local@VString@v8@@@3@V?$Local@VFunctionTemplate@v8@@@3@ZZ 0000000180003d08     notifications_bindings.obj
 0002:00000d10       $xdatasym                  0000000180003d10     MSVCRT:_amdsecgs_.obj
 0002:00000d14       $unwind$?dllmain_crt_process_attach@@YAHQEAUHINSTANCE__@@QEAX@Z 0000000180003d14     MSVCRT:dll_dllmain.obj
 0002:00000d40       $unwind$?dllmain_crt_process_detach@@YAH_N@Z 0000000180003d40     MSVCRT:dll_dllmain.obj
 0002:00000d68       $unwind$?fin$0@?0??dllmain_crt_process_attach@@YAHQEAUHINSTANCE__@@QEAX@Z@4HA 0000000180003d68     MSVCRT:dll_dllmain.obj
 0002:00000d68       $unwind$?fin$0@?0??dllmain_crt_process_detach@@YAH_N@Z@4HA 0000000180003d68     MSVCRT:dll_dllmain.obj
 0002:00000d70       $unwind$?dllmain_dispatch@@YAHQEAUHINSTANCE__@@KQEAX@Z 0000000180003d70     MSVCRT:dll_dllmain.obj
 0002:00000d98       $unwind$?filt$0@?0??dllmain_dispatch@@YAHQEAUHINSTANCE__@@KQEAX@Z@4HA 0000000180003d98     MSVCRT:dll_dllmain.obj
 0002:00000da0       $unwind$__report_gsfailure 0000000180003da0     MSVCRT:gs_report.obj
 0002:00000da8       $unwind$capture_previous_context 0000000180003da8     MSVCRT:gs_report.obj
 0002:00000db4       $unwind$__scrt_is_nonwritable_in_current_image 0000000180003db4     MSVCRT:utility.obj
 0002:00000dd4       $unwind$__scrt_is_nonwritable_in_current_image$filt$0 0000000180003dd4     MSVCRT:utility.obj
 0002:00000ddc       $unwind$__raise_securityfailure 0000000180003ddc     MSVCRT:gs_report.obj
 0002:00000ddc       $unwind$__scrt_release_startup_lock 0000000180003ddc     MSVCRT:utility.obj
 0002:00000ddc       $unwind$_onexit            0000000180003ddc     MSVCRT:utility.obj
 0002:00000ddc       $unwind$__scrt_initialize_crt 0000000180003ddc     MSVCRT:utility.obj
 0002:00000ddc       $unwind$__scrt_uninitialize_crt 0000000180003ddc     MSVCRT:utility.obj
 0002:00000de4       $unwind$__scrt_initialize_onexit_tables 0000000180003de4     MSVCRT:utility.obj
 0002:00000df0       $unwind$?dllmain_raw@@YAHQEAUHINSTANCE__@@KQEAX@Z 0000000180003df0     MSVCRT:dll_dllmain.obj
 0002:00000df0       $unwind$__scrt_dllmain_exception_filter 0000000180003df0     MSVCRT:utility.obj
 0002:00000e04       $unwind$__scrt_dllmain_after_initialize_c 0000000180003e04     MSVCRT:utility.obj
 0002:00000e04       $unwind$__scrt_initialize_default_local_stdio_options 0000000180003e04     MSVCRT:default_local_stdio_options.obj
 0002:00000e04       $unwind$__scrt_dllmain_uninitialize_c 0000000180003e04     MSVCRT:utility.obj
 0002:00000e04       $unwind$__scrt_dllmain_uninitialize_critical 0000000180003e04     MSVCRT:utility.obj
 0002:00000e04       $unwind$__scrt_acquire_startup_lock 0000000180003e04     MSVCRT:utility.obj
 0002:00000e04       $unwind$?dllmain_crt_dispatch@@YAHQEAUHINSTANCE__@@KQEAX@Z 0000000180003e04     MSVCRT:dll_dllmain.obj
 0002:00000e04       $unwind$__scrt_dllmain_crt_thread_attach 0000000180003e04     MSVCRT:utility.obj
 0002:00000e04       $unwind$__scrt_dllmain_crt_thread_detach 0000000180003e04     MSVCRT:utility.obj
 0002:00000e04       $unwind$atexit             0000000180003e04     MSVCRT:utility.obj
 0002:00000e04       $unwind$DllMain            0000000180003e04     MSVCRT:dll_dllmain_stub.obj
 0002:00000e04       $unwind$__scrt_dllmain_before_initialize_c 0000000180003e04     MSVCRT:utility.obj
 0002:00000e0c       $unwind$__security_init_cookie 0000000180003e0c     MSVCRT:gs_support.obj
 0002:00000e18       $unwind$__scrt_fastfail    0000000180003e18     MSVCRT:utility_desktop.obj
 0002:00000e28       $unwind$_DllMainCRTStartup 0000000180003e28     MSVCRT:dll_dllmain.obj
 0002:00000e28       $unwind$_RTC_Terminate     0000000180003e28     MSVCRT:_initsect_.obj
 0002:00000e28       $unwind$_RTC_Initialize    0000000180003e28     MSVCRT:_initsect_.obj
 0002:00000e38       $unwind$__isa_available_init 0000000180003e38     MSVCRT:_cpu_disp_.obj
 0002:00000e48       $xdatasym                  0000000180003e48     MSVCRT:_guard_dispatch_.obj
 0002:00000e50       .edata                     0000000180003e50     notifications_bindings.exp
 0002:00000e78       rgpv                       0000000180003e78     notifications_bindings.exp
 0002:00000e7c       rgszName                   0000000180003e7c     notifications_bindings.exp
 0002:00000e80       rgwOrd                     0000000180003e80     notifications_bindings.exp
 0002:00000e82       szName                     0000000180003e82     notifications_bindings.exp
 0002:00000e9e       $N00001                    0000000180003e9e     notifications_bindings.exp
 0002:00001190       .idata$6                   0000000180004190     kernel32:KERNEL32.dll
 0002:000011b0       .idata$6                   00000001800041b0     ole32:ole32.dll
 0002:00001a8a       .idata$6                   0000000180004a8a     iojs:node.dll
 0002:00001b84       .idata$6                   0000000180004b84     InteractiveNotifications:InteractiveNotifications.dll
 0002:00001be4       .idata$6                   0000000180004be4     vcruntime:VCRUNTIME140.dll
 0002:00001cc6       .idata$6                   0000000180004cc6     ucrt:api-ms-win-crt-runtime-l1-1-0.dll
 0003:00000040       _module                    0000000180005040     notifications_bindings.obj
 0003:00000080       ?__proc_attached@@3HA      0000000180005080     MSVCRT:dll_dllmain.obj
 0003:00000090       GS_ExceptionRecord         0000000180005090     MSVCRT:gs_report.obj
 0003:00000130       GS_ContextRecord           0000000180005130     MSVCRT:gs_report.obj
 0003:00000610       ?module_local_atexit_table@@3U_onexit_table_t@@A 0000000180005610     MSVCRT:utility.obj
 0003:00000628       ?module_local_at_quick_exit_table@@3U_onexit_table_t@@A 0000000180005628     MSVCRT:utility.obj
 0003:00000640       ?is_initialized_as_dll@@3_NA 0000000180005640     MSVCRT:utility.obj
 0004:00000000       $pdata$?FunctionCallbackWrapper@imp@Nan@@YAXAEBV?$FunctionCallbackInfo@VValue@v8@@@v8@@@Z 0000000180006000     notifications_bindings.obj
 0004:0000000c       $pdata$?NewInstance@Nan@@YA?AV?$MaybeLocal@VObject@v8@@@v8@@V?$Local@VObjectTemplate@v8@@@3@@Z 000000018000600c     notifications_bindings.obj
 0004:00000018       $pdata$?GetFunction@Nan@@YA?AV?$MaybeLocal@VFunction@v8@@@v8@@V?$Local@VFunctionTemplate@v8@@@3@@Z 0000000180006018     notifications_bindings.obj
 0004:00000024       $pdata$?Set@Nan@@YA?AV?$Maybe@_N@1@V?$Local@VObject@v8@@@v8@@V?$Local@VValue@v8@@@4@1@Z 0000000180006024     notifications_bindings.obj
 0004:00000030       $pdata$?convert@?$ToFactory@VString@v8@@@imp@Nan@@SA?AV?$MaybeLocal@VString@v8@@@v8@@V?$Local@VValue@v8@@@5@@Z 0000000180006030     notifications_bindings.obj
 0004:0000003c       $pdata$?convert@?$ToFactory@VInteger@v8@@@imp@Nan@@SA?AV?$MaybeLocal@VInteger@v8@@@v8@@V?$Local@VValue@v8@@@5@@Z 000000018000603c     notifications_bindings.obj
 0004:00000048       $pdata$?New@?$Factory@VFunctionTemplate@v8@@@imp@Nan@@SA?AV?$Local@VFunctionTemplate@v8@@@v8@@P6AXAEBV?$FunctionCallbackInfo@VValue@v8@@@3@@ZV?$Local@VValue@v8@@@5@V?$Local@VSignature@v8@@@5@@Z 0000000180006048     notifications_bindings.obj
 0004:00000054       $pdata$?ThrowTypeError@Nan@@YAXPEBD@Z 0000000180006054     notifications_bindings.obj
 0004:00000060       $pdata$?RegisterAppForNotificationSupport@@YAXAEBV?$FunctionCallbackInfo@VValue@v8@@@Nan@@@Z 0000000180006060     notifications_bindings.obj
 0004:0000006c       $pdata$?RegisterComServer@@YAXAEBV?$FunctionCallbackInfo@VValue@v8@@@Nan@@@Z 000000018000606c     notifications_bindings.obj
 0004:00000078       $pdata$?RegisterActivator@@YAXAEBV?$FunctionCallbackInfo@VValue@v8@@@Nan@@@Z 0000000180006078     notifications_bindings.obj
 0004:00000084       $pdata$?UnregisterActivator@@YAXAEBV?$FunctionCallbackInfo@VValue@v8@@@Nan@@@Z 0000000180006084     notifications_bindings.obj
 0004:00000090       $pdata$?init@@YAXV?$Local@VObject@v8@@@v8@@@Z 0000000180006090     notifications_bindings.obj
 0004:0000009c       $pdata$??$SetMethodAux@V?$Local@VObject@v8@@@v8@@@imp@Nan@@YAXV?$Local@VObject@v8@@@v8@@V?$Local@VString@v8@@@3@V?$Local@VFunctionTemplate@v8@@@3@ZZ 000000018000609c     notifications_bindings.obj
 0004:000000b4       $pdata$?dllmain_crt_dispatch@@YAHQEAUHINSTANCE__@@KQEAX@Z 00000001800060b4     MSVCRT:dll_dllmain.obj
 0004:000000c0       $pdata$?dllmain_crt_process_attach@@YAHQEAUHINSTANCE__@@QEAX@Z 00000001800060c0     MSVCRT:dll_dllmain.obj
 0004:000000cc       $pdata$?dllmain_crt_process_detach@@YAH_N@Z 00000001800060cc     MSVCRT:dll_dllmain.obj
 0004:000000d8       $pdata$?dllmain_dispatch@@YAHQEAUHINSTANCE__@@KQEAX@Z 00000001800060d8     MSVCRT:dll_dllmain.obj
 0004:000000e4       $pdata$?dllmain_raw@@YAHQEAUHINSTANCE__@@KQEAX@Z 00000001800060e4     MSVCRT:dll_dllmain.obj
 0004:000000f0       $pdata$_DllMainCRTStartup  00000001800060f0     MSVCRT:dll_dllmain.obj
 0004:000000fc       $pdata$__raise_securityfailure 00000001800060fc     MSVCRT:gs_report.obj
 0004:00000108       $pdata$__report_gsfailure  0000000180006108     MSVCRT:gs_report.obj
 0004:00000114       $pdata$capture_previous_context 0000000180006114     MSVCRT:gs_report.obj
 0004:00000120       $pdata$__scrt_acquire_startup_lock 0000000180006120     MSVCRT:utility.obj
 0004:0000012c       $pdata$__scrt_dllmain_after_initialize_c 000000018000612c     MSVCRT:utility.obj
 0004:00000138       $pdata$__scrt_dllmain_before_initialize_c 0000000180006138     MSVCRT:utility.obj
 0004:00000144       $pdata$__scrt_dllmain_crt_thread_attach 0000000180006144     MSVCRT:utility.obj
 0004:00000150       $pdata$__scrt_dllmain_crt_thread_detach 0000000180006150     MSVCRT:utility.obj
 0004:0000015c       $pdata$__scrt_dllmain_exception_filter 000000018000615c     MSVCRT:utility.obj
 0004:00000168       $pdata$__scrt_dllmain_uninitialize_c 0000000180006168     MSVCRT:utility.obj
 0004:00000174       $pdata$__scrt_dllmain_uninitialize_critical 0000000180006174     MSVCRT:utility.obj
 0004:00000180       $pdata$__scrt_initialize_crt 0000000180006180     MSVCRT:utility.obj
 0004:0000018c       $pdata$__scrt_initialize_onexit_tables 000000018000618c     MSVCRT:utility.obj
 0004:00000198       $pdata$__scrt_is_nonwritable_in_current_image 0000000180006198     MSVCRT:utility.obj
 0004:000001a4       $pdata$__scrt_release_startup_lock 00000001800061a4     MSVCRT:utility.obj
 0004:000001b0       $pdata$__scrt_uninitialize_crt 00000001800061b0     MSVCRT:utility.obj
 0004:000001bc       $pdata$_onexit             00000001800061bc     MSVCRT:utility.obj
 0004:000001c8       $pdata$atexit              00000001800061c8     MSVCRT:utility.obj
 0004:000001d4       $pdata$__security_init_cookie 00000001800061d4     MSVCRT:gs_support.obj
 0004:000001e0       $pdata$DllMain             00000001800061e0     MSVCRT:dll_dllmain_stub.obj
 0004:000001ec       $pdata$__scrt_initialize_default_local_stdio_options 00000001800061ec     MSVCRT:default_local_stdio_options.obj
 0004:000001f8       $pdata$__scrt_fastfail     00000001800061f8     MSVCRT:utility_desktop.obj
 0004:00000204       $pdata$_RTC_Initialize     0000000180006204     MSVCRT:_initsect_.obj
 0004:00000210       $pdata$_RTC_Terminate      0000000180006210     MSVCRT:_initsect_.obj
 0004:0000021c       $pdata$__isa_available_init 000000018000621c     MSVCRT:_cpu_disp_.obj
 0004:00000234       $pdata$?fin$0@?0??dllmain_crt_process_attach@@YAHQEAUHINSTANCE__@@QEAX@Z@4HA 0000000180006234     MSVCRT:dll_dllmain.obj
 0004:00000240       $pdata$?fin$0@?0??dllmain_crt_process_detach@@YAH_N@Z@4HA 0000000180006240     MSVCRT:dll_dllmain.obj
 0004:0000024c       $pdata$?filt$0@?0??dllmain_dispatch@@YAHQEAUHINSTANCE__@@KQEAX@Z@4HA 000000018000624c     MSVCRT:dll_dllmain.obj
 0004:00000258       $pdata$__scrt_is_nonwritable_in_current_image$filt$0 0000000180006258     MSVCRT:utility.obj
 0005:00000000       __guard_fids_?dllmain_crt_process_attach@@YAHQEAUHINSTANCE__@@QEAX@Z 0000000180007000     MSVCRT:dll_dllmain.obj
 0005:00000008       __guard_fids_?dllmain_dispatch@@YAHQEAUHINSTANCE__@@KQEAX@Z 0000000180007008     MSVCRT:dll_dllmain.obj
 0005:0000000c       __guard_fids__             000000018000700c     MSVCRT:guard_support.obj
 0006:00000060       $R000000                   0000000180008060     * linker generated manifest res *

 Exports

  ordinal    name

        1    _register_notifications_bindings_
